Welcome to Ubuntu 18.04.2 LTS (GNU/Linux 4.15.0-1029-gcp x86_64)

 * Documentation:  https://help.ubuntu.com
 * Management:     https://landscape.canonical.com
 * Support:        https://ubuntu.com/advantage

 * Ubuntu's Kubernetes 1.14 distributions can bypass Docker and use containerd
   directly, see https://bit.ly/ubuntu-containerd or try it now with

     snap install microk8s --classic

  Get cloud support with Ubuntu Advantage Cloud Guest:
    http://www.ubuntu.com/business/services/cloud
This system has been minimized by removing packages and content that are
not required on a system that users do not log into.

To restore this content, you can run the 'unminimize' command.

2 packages can be updated.
0 updates are security updates.

Last login: Wed Apr 17 18:15:21 2019 from 183.83.226.189
vamsee@instance-1:~$ ls
Android.bp      cts          kernel            prebuilts
Makefile        dalvik       libcore           sdk
art             developers   libnativehelper   system
bionic          development  manifest          test
bootable        device       out               toolchain
bootstrap.bash  external     packages          tools
build           frameworks   pdk               vendor
compatibility   hardware     platform_testing
vamsee@instance-1:~$ cd out
vamsee@instance-1:~/out$ cd target/
vamsee@instance-1:~/out/target$ cd product/
vamsee@instance-1:~/out/target/product$ cd hydrogen/
vamsee@instance-1:~/out/target/product/hydrogen$ ls
android-info.txt
boot.img
build_fingerprint.txt
build_thumbprint.txt
cache
cache.img
clean_steps.mk
ctosp_hydrogen-9.0-20190417-1457-OFFICIAL-Changelog.txt
ctosp_hydrogen-9.0-20190417-1546-OFFICIAL-Changelog.txt
ctosp_hydrogen-9.0-20190417-1553-OFFICIAL-Changelog.txt
ctosp_hydrogen-9.0-20190417-1553-OFFICIAL.zip
ctosp_hydrogen-9.0-20190417-1553-OFFICIAL.zip.json
ctosp_hydrogen-9.0-20190417-1553-OFFICIAL.zip.md5sum
data
dex_bootjars
fake_packages
gen
install
kernel
obj
obj_arm
previous_build_config.mk
product_copy_files_ignored.txt
ramdisk-recovery.cpio
ramdisk-recovery.img
ramdisk.img
recovery
recovery.id
recovery.img
root
symbols
system
userdata.img
vamsee@instance-1:~/out/target/product/hydrogen$ ct
ctrlaltdel  ctstat
vamsee@instance-1:~/out/target/product/hydrogen$ gedit ctosp_hydrogen-9.0-20190417-1553-OFFICIAL-Changelog.txt
-bash: gedit: command not found
vamsee@instance-1:~/out/target/product/hydrogen$ nano ctosp_hydrogen-9.0-20190417-1553-OFFICIAL-Changelog.txt
    ctosp_hydrogen-9.0-20190417-1553-OFFICIAL-Changelog.txt    =======================
     04-17-2019                                                =======================


   * frameworks/base/                                          f85464e52bc rebranded CTOSP
869e421af65 Update KeyguardStatusView.java
da0e37c8662 Update clock_shishu_nerves_bg.xml                  e649d0f618f added nerves
74fd8c99c5e Delete bootleg_theme_nerves_bg02.png
856e8403dab Delete bootleg_theme_nerves_bg01.png
271f21b32c0 Rename bootleg_dimens.xml to ctosp_dimens.xml
375ceaca067 Rename bootleg_colors.xml to ctosp_colors.xml      2ad3ca2fa50 Update and rename bootleg_symbols.xml to ctosp_sym$90ace921844 Update and rename bootleg_colors.xml to ctosp_colo$03df9a10cd3 Update ctosp_colors.xml
64af4d023ea Rename clock_bootleg_qsgradient.xml to clock_ctosp$b74a61f3ab9 Rename clock_bootleg_gradient_shishu.xml to clock_$e398996a3b6 Rename clock_bootleg_gradient_shadow.xml to clock_$2ac06a48276 Rename clock_bootleg_gradient.xml to clock_ctosp_g$612174094a9 Rename bootleg_colors.xml to ctosp_colors.xml
2bfa0c0c258 Rename bootleg_attrs.xml to ctosp_attrs.xml
de3b8049847 ctosp: ls Q settings                               ad53e007d56 CustomTextClock: Set Text color based on wallpaper
cebbf8c75d5 CustomTextClock: Match Android Q                   b80b508f8aa CustomTextClock: Make clock strings translatable
5c5f94d980f CustomTextClock: Improve UI and optimisations
447356945bb Lockscreen Clock Styles: Introduce Q style text cl$
   * vendor/ctosp/
ab111f1c Added missing pixelstyle                              
=======================
     04-16-2019                                                =======================                                           * device/qcom/sepolicy-legacy/                              27221b2 sepolicy: Label persist partition for all SoCs (#2)       * hardware/qcom/power/                                      99e6bac Merge pull request #1 from uvera/pie
   * packages/apps/CTOSP/                                      fdb0dbe Lockscreen Clock Styles: Introduce Q style TextClock
^G Get Help ^O Write Out^W Where Is ^K Cut Text ^J Justify
^X Exit     ^R Read File^\ Replace  ^U Uncut Tex^T To Spell
